// Jest Snapshot v1, https://goo.gl/fbAQLP

exports[`emotion responsive style generator works correctly 1`] = `
<DocumentFragment>
  @media only screen {
  .emotion-0 {
    -webkit-box-pack: center;
    -webkit-justify-content: center;
    -ms-flex-pack: center;
    justify-content: center;
    display: -webkit-box;
    display: -webkit-flex;
    display: -ms-flexbox;
    display: flex;
    position: fixed;
    bottom: 0;
    left: 0;
    right: 0;
    z-index: 600;
  }
}

@media screen and (min-width:40.0625em) {
  .emotion-0 {
    -webkit-box-pack: center;
    -webkit-justify-content: center;
    -ms-flex-pack: center;
    justify-content: center;
    display: -webkit-box;
    display: -webkit-flex;
    display: -ms-flexbox;
    display: flex;
    position: fixed;
    bottom: 0;
    left: 0;
    right: 0;
    z-index: 600;
  }
}

@media screen and (min-width:64.0625em) {
  .emotion-0 {
    -webkit-box-pack: center;
    -webkit-justify-content: center;
    -ms-flex-pack: center;
    justify-content: center;
    display: -webkit-box;
    display: -webkit-flex;
    display: -ms-flexbox;
    display: flex;
    position: fixed;
    bottom: 0;
    left: 0;
    right: 0;
    z-index: 600;
  }
}

<div
    aria-live="polite"
    class="emotion-0"
    data-toastmanager="true"
  />
  @media only screen {
  .emotion-0 {
    color: rgb(173,216,230);
    font-family: sans-serif;
    font-size: 26px;
    margin: 16px;
  }

@media only screen {
    .emotion-0 {
      color: rgb(0,0,255);
      font-size: 26px;
    }
}
}

@media screen and (min-width:40.0625em) {
  .emotion-0 {
    color: rgb(173,216,230);
    font-family: sans-serif;
    font-size: 41px;
    margin: 24px;
  }

@media only screen {
    .emotion-0 {
      color: rgb(0,0,255);
      font-size: 26px;
    }
}
}

@media screen and (min-width:64.0625em) {
  .emotion-0 {
    color: rgb(173,216,230);
    font-family: sans-serif;
    font-size: 66px;
    margin: 32px;
  }

@media only screen {
    .emotion-0 {
      color: rgb(0,0,255);
      font-size: 26px;
    }
}
}

<div
    class="emotion-0"
  />
   
</DocumentFragment>
`;

exports[`emotion responsive style generator works correctly 2`] = `
<DocumentFragment>
  @media only screen {
  .emotion-0 {
    -webkit-box-pack: center;
    -webkit-justify-content: center;
    -ms-flex-pack: center;
    justify-content: center;
    display: -webkit-box;
    display: -webkit-flex;
    display: -ms-flexbox;
    display: flex;
    position: fixed;
    bottom: 0;
    left: 0;
    right: 0;
    z-index: 600;
  }
}

@media screen and (min-width:40.0625em) {
  .emotion-0 {
    -webkit-box-pack: center;
    -webkit-justify-content: center;
    -ms-flex-pack: center;
    justify-content: center;
    display: -webkit-box;
    display: -webkit-flex;
    display: -ms-flexbox;
    display: flex;
    position: fixed;
    bottom: 0;
    left: 0;
    right: 0;
    z-index: 600;
  }
}

@media screen and (min-width:64.0625em) {
  .emotion-0 {
    -webkit-box-pack: center;
    -webkit-justify-content: center;
    -ms-flex-pack: center;
    justify-content: center;
    display: -webkit-box;
    display: -webkit-flex;
    display: -ms-flexbox;
    display: flex;
    position: fixed;
    bottom: 0;
    left: 0;
    right: 0;
    z-index: 600;
  }
}

<div
    aria-live="polite"
    class="emotion-0"
    data-toastmanager="true"
  />
  @media only screen {
  .emotion-0 {
    color: rgb(173,216,230);
    font-family: sans-serif;
    font-size: 26px;
    margin: 16px;
  }

@media only screen {
    .emotion-0 {
      color: rgb(0,0,255);
      font-size: 26px;
    }
}
}

@media screen and (min-width:40.0625em) {
  .emotion-0 {
    color: rgb(173,216,230);
    font-family: sans-serif;
    font-size: 41px;
    margin: 24px;
  }

@media only screen {
    .emotion-0 {
      color: rgb(0,0,255);
      font-size: 26px;
    }
}
}

@media screen and (min-width:64.0625em) {
  .emotion-0 {
    color: rgb(173,216,230);
    font-family: sans-serif;
    font-size: 66px;
    margin: 32px;
  }

@media only screen {
    .emotion-0 {
      color: rgb(0,0,255);
      font-size: 26px;
    }
}
}

<div
    class="emotion-0"
  />
   
</DocumentFragment>
`;

exports[`emotion responsive style generator works correctly 3`] = `
<DocumentFragment>
  @media only screen {
  .emotion-0 {
    -webkit-box-pack: center;
    -webkit-justify-content: center;
    -ms-flex-pack: center;
    justify-content: center;
    display: -webkit-box;
    display: -webkit-flex;
    display: -ms-flexbox;
    display: flex;
    position: fixed;
    bottom: 0;
    left: 0;
    right: 0;
    z-index: 600;
  }
}

@media screen and (min-width:40.0625em) {
  .emotion-0 {
    -webkit-box-pack: center;
    -webkit-justify-content: center;
    -ms-flex-pack: center;
    justify-content: center;
    display: -webkit-box;
    display: -webkit-flex;
    display: -ms-flexbox;
    display: flex;
    position: fixed;
    bottom: 0;
    left: 0;
    right: 0;
    z-index: 600;
  }
}

@media screen and (min-width:64.0625em) {
  .emotion-0 {
    -webkit-box-pack: center;
    -webkit-justify-content: center;
    -ms-flex-pack: center;
    justify-content: center;
    display: -webkit-box;
    display: -webkit-flex;
    display: -ms-flexbox;
    display: flex;
    position: fixed;
    bottom: 0;
    left: 0;
    right: 0;
    z-index: 600;
  }
}

<div
    aria-live="polite"
    class="emotion-0"
    data-toastmanager="true"
  />
  @media only screen {
  .emotion-0 {
    color: rgb(173,216,230);
    font-family: sans-serif;
    font-size: 26px;
    margin: 16px;
  }

@media only screen {
    .emotion-0 {
      color: rgb(0,0,255);
      font-size: 26px;
    }
}
}

@media screen and (min-width:40.0625em) {
  .emotion-0 {
    color: rgb(173,216,230);
    font-family: sans-serif;
    font-size: 41px;
    margin: 24px;
  }

@media only screen {
    .emotion-0 {
      color: rgb(0,0,255);
      font-size: 26px;
    }
}
}

@media screen and (min-width:64.0625em) {
  .emotion-0 {
    color: rgb(173,216,230);
    font-family: sans-serif;
    font-size: 66px;
    margin: 32px;
  }

@media only screen {
    .emotion-0 {
      color: rgb(0,0,255);
      font-size: 26px;
    }
}
}

<div
    class="emotion-0"
  />
   
</DocumentFragment>
`;
